/usr/local/lib/python3.10/dist-packages/torch/nn/modules/rnn.py:123: UserWarning: dropout option adds dropout after all but last recurrent layer, so non-zero dropout expects num_layers greater than 1, but got dropout=0.5 and num_layers=1
  warnings.warn(
Loading image features from img_features/ResNet-152-imagenet.tsv
Loading navigation graphs for 61 scans
R2RBatch loaded with 14039 instructions, using splits: train
Loading image features from img_features/ResNet-152-imagenet.tsv
Loading navigation graphs for 56 scans
R2RBatch loaded with 1021 instructions, using splits: val_seen
Loading image features from img_features/ResNet-152-imagenet.tsv
Loading navigation graphs for 11 scans
R2RBatch loaded with 2349 instructions, using splits: val_unseen
Training with sample feedback
0m 17s (- 58m 17s) (100 0%) train loss: 1.1620, val_seen loss: 0.9633, success_rate: 0.048, val_unseen loss: 0.9461, success_rate: 0.038
0m 34s (- 57m 41s) (200 1%) train loss: 0.9429, val_seen loss: 0.9253, success_rate: 0.026, val_unseen loss: 0.9260, success_rate: 0.028
0m 51s (- 56m 40s) (300 1%) train loss: 0.9413, val_seen loss: 0.9270, success_rate: 0.053, val_unseen loss: 0.9263, success_rate: 0.043
1m 8s (- 56m 0s) (400 2%) train loss: 0.9281, val_seen loss: 0.9189, success_rate: 0.083, val_unseen loss: 0.9268, success_rate: 0.056
1m 25s (- 55m 45s) (500 2%) train loss: 0.9256, val_seen loss: 0.9468, success_rate: 0.038, val_unseen loss: 0.9405, success_rate: 0.033
1m 43s (- 55m 32s) (600 3%) train loss: 0.9188, val_seen loss: 0.9187, success_rate: 0.088, val_unseen loss: 0.9250, success_rate: 0.064
2m 0s (- 55m 9s) (700 3%) train loss: 0.9162, val_seen loss: 0.9291, success_rate: 0.072, val_unseen loss: 0.9336, success_rate: 0.068
2m 16s (- 54m 45s) (800 4%) train loss: 0.9115, val_seen loss: 0.9174, success_rate: 0.110, val_unseen loss: 0.9145, success_rate: 0.094
2m 34s (- 54m 38s) (900 4%) train loss: 0.9056, val_seen loss: 0.9003, success_rate: 0.112, val_unseen loss: 0.9134, success_rate: 0.086
2m 51s (- 54m 24s) (1000 5%) train loss: 0.9043, val_seen loss: 0.8997, success_rate: 0.122, val_unseen loss: 0.9221, success_rate: 0.084
3m 8s (- 54m 2s) (1100 5%) train loss: 0.8998, val_seen loss: 0.8977, success_rate: 0.125, val_unseen loss: 0.9133, success_rate: 0.091
3m 25s (- 53m 37s) (1200 6%) train loss: 0.8961, val_seen loss: 0.9021, success_rate: 0.116, val_unseen loss: 0.9182, success_rate: 0.081
3m 43s (- 53m 28s) (1300 6%) train loss: 0.8939, val_seen loss: 0.9173, success_rate: 0.107, val_unseen loss: 0.9298, success_rate: 0.088
4m 0s (- 53m 12s) (1400 7%) train loss: 0.8918, val_seen loss: 0.8969, success_rate: 0.133, val_unseen loss: 0.9187, success_rate: 0.103
4m 16s (- 52m 46s) (1500 7%) train loss: 0.8883, val_seen loss: 0.8944, success_rate: 0.129, val_unseen loss: 0.9230, success_rate: 0.108
4m 33s (- 52m 25s) (1600 8%) train loss: 0.8872, val_seen loss: 0.9072, success_rate: 0.138, val_unseen loss: 0.9178, success_rate: 0.109
4m 50s (- 52m 7s) (1700 8%) train loss: 0.8847, val_seen loss: 0.9070, success_rate: 0.149, val_unseen loss: 0.9291, success_rate: 0.103
5m 7s (- 51m 50s) (1800 9%) train loss: 0.8822, val_seen loss: 0.8923, success_rate: 0.132, val_unseen loss: 0.9326, success_rate: 0.096
5m 24s (- 51m 32s) (1900 9%) train loss: 0.8801, val_seen loss: 0.8835, success_rate: 0.165, val_unseen loss: 0.9216, success_rate: 0.115
5m 40s (- 51m 8s) (2000 10%) train loss: 0.8793, val_seen loss: 0.8748, success_rate: 0.170, val_unseen loss: 0.9221, success_rate: 0.113
5m 59s (- 51m 0s) (2100 10%) train loss: 0.8738, val_seen loss: 0.8759, success_rate: 0.172, val_unseen loss: 0.9172, success_rate: 0.117
6m 15s (- 50m 39s) (2200 11%) train loss: 0.8695, val_seen loss: 0.8808, success_rate: 0.171, val_unseen loss: 0.9275, success_rate: 0.110
6m 32s (- 50m 18s) (2300 11%) train loss: 0.8719, val_seen loss: 0.8748, success_rate: 0.192, val_unseen loss: 0.9155, success_rate: 0.112
6m 48s (- 49m 57s) (2400 12%) train loss: 0.8689, val_seen loss: 0.8761, success_rate: 0.162, val_unseen loss: 0.9205, success_rate: 0.102
7m 4s (- 49m 34s) (2500 12%) train loss: 0.8666, val_seen loss: 0.8914, success_rate: 0.180, val_unseen loss: 0.9370, success_rate: 0.122
7m 21s (- 49m 11s) (2600 13%) train loss: 0.8630, val_seen loss: 0.8832, success_rate: 0.180, val_unseen loss: 0.9155, success_rate: 0.119
7m 38s (- 48m 56s) (2700 13%) train loss: 0.8621, val_seen loss: 0.8692, success_rate: 0.221, val_unseen loss: 0.9369, success_rate: 0.110
7m 54s (- 48m 36s) (2800 14%) train loss: 0.8616, val_seen loss: 0.8805, success_rate: 0.196, val_unseen loss: 0.9370, success_rate: 0.132
8m 11s (- 48m 18s) (2900 14%) train loss: 0.8607, val_seen loss: 0.8741, success_rate: 0.200, val_unseen loss: 0.9218, success_rate: 0.116
8m 28s (- 47m 58s) (3000 15%) train loss: 0.8547, val_seen loss: 0.8740, success_rate: 0.193, val_unseen loss: 0.9234, success_rate: 0.120
8m 45s (- 47m 43s) (3100 15%) train loss: 0.8523, val_seen loss: 0.8806, success_rate: 0.216, val_unseen loss: 0.9225, success_rate: 0.144
9m 1s (- 47m 24s) (3200 16%) train loss: 0.8540, val_seen loss: 0.8893, success_rate: 0.198, val_unseen loss: 0.9460, success_rate: 0.124
9m 18s (- 47m 4s) (3300 16%) train loss: 0.8502, val_seen loss: 0.8800, success_rate: 0.192, val_unseen loss: 0.9315, success_rate: 0.120
9m 34s (- 46m 46s) (3400 17%) train loss: 0.8565, val_seen loss: 0.8614, success_rate: 0.228, val_unseen loss: 0.9329, success_rate: 0.140
9m 51s (- 46m 29s) (3500 17%) train loss: 0.8484, val_seen loss: 0.8859, success_rate: 0.207, val_unseen loss: 0.9338, success_rate: 0.126
10m 8s (- 46m 13s) (3600 18%) train loss: 0.8475, val_seen loss: 0.8779, success_rate: 0.196, val_unseen loss: 0.9518, success_rate: 0.140
10m 25s (- 45m 55s) (3700 18%) train loss: 0.8468, val_seen loss: 0.8837, success_rate: 0.200, val_unseen loss: 0.9512, success_rate: 0.131
10m 42s (- 45m 38s) (3800 19%) train loss: 0.8429, val_seen loss: 0.8754, success_rate: 0.217, val_unseen loss: 0.9375, success_rate: 0.142
10m 59s (- 45m 22s) (3900 19%) train loss: 0.8444, val_seen loss: 0.8811, success_rate: 0.209, val_unseen loss: 0.9472, success_rate: 0.152
11m 16s (- 45m 7s) (4000 20%) train loss: 0.8415, val_seen loss: 0.8825, success_rate: 0.230, val_unseen loss: 0.9507, success_rate: 0.132
11m 33s (- 44m 50s) (4100 20%) train loss: 0.8394, val_seen loss: 0.8825, success_rate: 0.242, val_unseen loss: 0.9419, success_rate: 0.166
11m 50s (- 44m 33s) (4200 21%) train loss: 0.8366, val_seen loss: 0.8657, success_rate: 0.231, val_unseen loss: 0.9471, success_rate: 0.150
12m 7s (- 44m 17s) (4300 21%) train loss: 0.8329, val_seen loss: 0.8738, success_rate: 0.255, val_unseen loss: 0.9438, success_rate: 0.172
12m 24s (- 44m 0s) (4400 22%) train loss: 0.8372, val_seen loss: 0.8619, success_rate: 0.255, val_unseen loss: 0.9363, success_rate: 0.165
12m 41s (- 43m 41s) (4500 22%) train loss: 0.8322, val_seen loss: 0.8731, success_rate: 0.229, val_unseen loss: 0.9565, success_rate: 0.156
12m 57s (- 43m 22s) (4600 23%) train loss: 0.8300, val_seen loss: 0.8795, success_rate: 0.248, val_unseen loss: 0.9658, success_rate: 0.164
13m 14s (- 43m 5s) (4700 23%) train loss: 0.8365, val_seen loss: 0.8830, success_rate: 0.250, val_unseen loss: 0.9541, success_rate: 0.148
13m 30s (- 42m 46s) (4800 24%) train loss: 0.8270, val_seen loss: 0.8662, success_rate: 0.253, val_unseen loss: 0.9485, success_rate: 0.168
13m 46s (- 42m 27s) (4900 24%) train loss: 0.8280, val_seen loss: 0.8641, success_rate: 0.265, val_unseen loss: 0.9415, success_rate: 0.156
14m 3s (- 42m 11s) (5000 25%) train loss: 0.8280, val_seen loss: 0.8636, success_rate: 0.269, val_unseen loss: 0.9528, success_rate: 0.170
14m 21s (- 41m 55s) (5100 25%) train loss: 0.8207, val_seen loss: 0.8663, success_rate: 0.268, val_unseen loss: 0.9552, success_rate: 0.172
14m 37s (- 41m 38s) (5200 26%) train loss: 0.8203, val_seen loss: 0.8829, success_rate: 0.265, val_unseen loss: 0.9731, success_rate: 0.158
14m 54s (- 41m 21s) (5300 26%) train loss: 0.8212, val_seen loss: 0.8766, success_rate: 0.255, val_unseen loss: 0.9670, success_rate: 0.164
15m 10s (- 41m 1s) (5400 27%) train loss: 0.8162, val_seen loss: 0.8769, success_rate: 0.264, val_unseen loss: 0.9757, success_rate: 0.174
15m 26s (- 40m 41s) (5500 27%) train loss: 0.8195, val_seen loss: 0.8863, success_rate: 0.271, val_unseen loss: 0.9658, success_rate: 0.166
15m 42s (- 40m 24s) (5600 28%) train loss: 0.8157, val_seen loss: 0.8837, success_rate: 0.267, val_unseen loss: 0.9830, success_rate: 0.178
15m 58s (- 40m 4s) (5700 28%) train loss: 0.8158, val_seen loss: 0.8650, success_rate: 0.287, val_unseen loss: 0.9606, success_rate: 0.186
16m 14s (- 39m 46s) (5800 28%) train loss: 0.8099, val_seen loss: 0.8660, success_rate: 0.271, val_unseen loss: 0.9683, success_rate: 0.170
16m 30s (- 39m 26s) (5900 29%) train loss: 0.8147, val_seen loss: 0.8718, success_rate: 0.301, val_unseen loss: 0.9774, success_rate: 0.175
16m 45s (- 39m 6s) (6000 30%) train loss: 0.8070, val_seen loss: 0.8709, success_rate: 0.276, val_unseen loss: 0.9644, success_rate: 0.169
17m 1s (- 38m 46s) (6100 30%) train loss: 0.8082, val_seen loss: 0.8585, success_rate: 0.290, val_unseen loss: 0.9628, success_rate: 0.187
17m 16s (- 38m 26s) (6200 31%) train loss: 0.8109, val_seen loss: 0.8870, success_rate: 0.277, val_unseen loss: 0.9827, success_rate: 0.159
17m 32s (- 38m 8s) (6300 31%) train loss: 0.8076, val_seen loss: 0.8872, success_rate: 0.286, val_unseen loss: 0.9913, success_rate: 0.179
17m 47s (- 37m 49s) (6400 32%) train loss: 0.8040, val_seen loss: 0.8657, success_rate: 0.288, val_unseen loss: 0.9908, success_rate: 0.179
18m 3s (- 37m 31s) (6500 32%) train loss: 0.8061, val_seen loss: 0.8687, success_rate: 0.306, val_unseen loss: 0.9803, success_rate: 0.190
18m 20s (- 37m 14s) (6600 33%) train loss: 0.8005, val_seen loss: 0.8787, success_rate: 0.312, val_unseen loss: 1.0015, success_rate: 0.185
18m 36s (- 36m 56s) (6700 33%) train loss: 0.7993, val_seen loss: 0.8798, success_rate: 0.277, val_unseen loss: 1.0075, success_rate: 0.186
18m 52s (- 36m 38s) (6800 34%) train loss: 0.8007, val_seen loss: 0.8621, success_rate: 0.318, val_unseen loss: 0.9824, success_rate: 0.178
19m 8s (- 36m 21s) (6900 34%) train loss: 0.7964, val_seen loss: 0.9034, success_rate: 0.270, val_unseen loss: 1.0170, success_rate: 0.164
19m 25s (- 36m 3s) (7000 35%) train loss: 0.7939, val_seen loss: 0.8645, success_rate: 0.305, val_unseen loss: 0.9828, success_rate: 0.205
19m 41s (- 35m 46s) (7100 35%) train loss: 0.8001, val_seen loss: 0.8676, success_rate: 0.304, val_unseen loss: 0.9835, success_rate: 0.199
19m 57s (- 35m 28s) (7200 36%) train loss: 0.7946, val_seen loss: 0.8722, success_rate: 0.305, val_unseen loss: 0.9860, success_rate: 0.192
20m 13s (- 35m 10s) (7300 36%) train loss: 0.7937, val_seen loss: 0.8607, success_rate: 0.320, val_unseen loss: 0.9757, success_rate: 0.196
20m 28s (- 34m 52s) (7400 37%) train loss: 0.7929, val_seen loss: 0.8613, success_rate: 0.310, val_unseen loss: 0.9848, success_rate: 0.204
20m 44s (- 34m 33s) (7500 37%) train loss: 0.7908, val_seen loss: 0.8642, success_rate: 0.303, val_unseen loss: 0.9879, success_rate: 0.196
21m 0s (- 34m 16s) (7600 38%) train loss: 0.7880, val_seen loss: 0.8986, success_rate: 0.277, val_unseen loss: 1.0062, success_rate: 0.180
21m 16s (- 33m 58s) (7700 38%) train loss: 0.7868, val_seen loss: 0.8642, success_rate: 0.303, val_unseen loss: 0.9902, success_rate: 0.196
21m 32s (- 33m 41s) (7800 39%) train loss: 0.7886, val_seen loss: 0.8615, success_rate: 0.296, val_unseen loss: 0.9785, success_rate: 0.185
21m 48s (- 33m 23s) (7900 39%) train loss: 0.7845, val_seen loss: 0.8684, success_rate: 0.304, val_unseen loss: 0.9971, success_rate: 0.202
22m 3s (- 33m 5s) (8000 40%) train loss: 0.7813, val_seen loss: 0.8648, success_rate: 0.321, val_unseen loss: 1.0031, success_rate: 0.183
22m 20s (- 32m 49s) (8100 40%) train loss: 0.7811, val_seen loss: 0.8759, success_rate: 0.308, val_unseen loss: 1.0076, success_rate: 0.195
22m 35s (- 32m 31s) (8200 41%) train loss: 0.7822, val_seen loss: 0.8823, success_rate: 0.314, val_unseen loss: 0.9954, success_rate: 0.180
22m 51s (- 32m 13s) (8300 41%) train loss: 0.7819, val_seen loss: 0.8661, success_rate: 0.321, val_unseen loss: 0.9962, success_rate: 0.189
23m 7s (- 31m 55s) (8400 42%) train loss: 0.7741, val_seen loss: 0.8775, success_rate: 0.298, val_unseen loss: 1.0188, success_rate: 0.201
23m 23s (- 31m 38s) (8500 42%) train loss: 0.7805, val_seen loss: 0.8806, success_rate: 0.301, val_unseen loss: 1.0092, success_rate: 0.192
23m 39s (- 31m 21s) (8600 43%) train loss: 0.7759, val_seen loss: 0.8897, success_rate: 0.305, val_unseen loss: 1.0045, success_rate: 0.191
23m 54s (- 31m 3s) (8700 43%) train loss: 0.7751, val_seen loss: 0.8859, success_rate: 0.323, val_unseen loss: 1.0213, success_rate: 0.186
24m 11s (- 30m 46s) (8800 44%) train loss: 0.7715, val_seen loss: 0.8766, success_rate: 0.321, val_unseen loss: 1.0248, success_rate: 0.192
24m 26s (- 30m 29s) (8900 44%) train loss: 0.7695, val_seen loss: 0.8754, success_rate: 0.338, val_unseen loss: 1.0235, success_rate: 0.194
24m 42s (- 30m 11s) (9000 45%) train loss: 0.7722, val_seen loss: 0.8724, success_rate: 0.317, val_unseen loss: 1.0283, success_rate: 0.194
24m 57s (- 29m 54s) (9100 45%) train loss: 0.7712, val_seen loss: 0.8674, success_rate: 0.339, val_unseen loss: 1.0109, success_rate: 0.200
25m 13s (- 29m 36s) (9200 46%) train loss: 0.7700, val_seen loss: 0.8611, success_rate: 0.295, val_unseen loss: 1.0024, success_rate: 0.198
25m 29s (- 29m 19s) (9300 46%) train loss: 0.7655, val_seen loss: 0.8793, success_rate: 0.313, val_unseen loss: 1.0151, success_rate: 0.206
25m 44s (- 29m 2s) (9400 47%) train loss: 0.7631, val_seen loss: 0.8942, success_rate: 0.345, val_unseen loss: 1.0377, success_rate: 0.203
26m 0s (- 28m 44s) (9500 47%) train loss: 0.7609, val_seen loss: 0.8761, success_rate: 0.337, val_unseen loss: 1.0206, success_rate: 0.208
26m 16s (- 28m 28s) (9600 48%) train loss: 0.7647, val_seen loss: 0.8861, success_rate: 0.329, val_unseen loss: 1.0319, success_rate: 0.195
26m 31s (- 28m 10s) (9700 48%) train loss: 0.7610, val_seen loss: 0.8909, success_rate: 0.333, val_unseen loss: 1.0347, success_rate: 0.206
26m 47s (- 27m 53s) (9800 49%) train loss: 0.7615, val_seen loss: 0.8607, success_rate: 0.348, val_unseen loss: 1.0164, success_rate: 0.203
27m 4s (- 27m 37s) (9900 49%) train loss: 0.7593, val_seen loss: 0.8675, success_rate: 0.336, val_unseen loss: 1.0423, success_rate: 0.214
27m 20s (- 27m 20s) (10000 50%) train loss: 0.7619, val_seen loss: 0.8641, success_rate: 0.338, val_unseen loss: 1.0206, success_rate: 0.207
27m 35s (- 27m 2s) (10100 50%) train loss: 0.7538, val_seen loss: 0.8715, success_rate: 0.336, val_unseen loss: 1.0519, success_rate: 0.177
27m 51s (- 26m 45s) (10200 51%) train loss: 0.7562, val_seen loss: 0.8957, success_rate: 0.336, val_unseen loss: 1.0373, success_rate: 0.189
28m 6s (- 26m 28s) (10300 51%) train loss: 0.7540, val_seen loss: 0.8964, success_rate: 0.330, val_unseen loss: 1.0392, success_rate: 0.203
28m 22s (- 26m 11s) (10400 52%) train loss: 0.7534, val_seen loss: 0.8953, success_rate: 0.335, val_unseen loss: 1.0468, success_rate: 0.216
28m 38s (- 25m 54s) (10500 52%) train loss: 0.7542, val_seen loss: 0.8864, success_rate: 0.349, val_unseen loss: 1.0410, success_rate: 0.196
28m 54s (- 25m 38s) (10600 53%) train loss: 0.7494, val_seen loss: 0.8587, success_rate: 0.326, val_unseen loss: 1.0142, success_rate: 0.198
29m 11s (- 25m 22s) (10700 53%) train loss: 0.7463, val_seen loss: 0.8792, success_rate: 0.325, val_unseen loss: 1.0340, success_rate: 0.217
29m 26s (- 25m 5s) (10800 54%) train loss: 0.7506, val_seen loss: 0.9073, success_rate: 0.357, val_unseen loss: 1.0622, success_rate: 0.209
29m 43s (- 24m 48s) (10900 54%) train loss: 0.7477, val_seen loss: 0.8671, success_rate: 0.335, val_unseen loss: 1.0356, success_rate: 0.212
30m 0s (- 24m 33s) (11000 55%) train loss: 0.7424, val_seen loss: 0.9168, success_rate: 0.341, val_unseen loss: 1.0767, success_rate: 0.195
30m 15s (- 24m 15s) (11100 55%) train loss: 0.7410, val_seen loss: 0.9017, success_rate: 0.341, val_unseen loss: 1.0670, success_rate: 0.201
30m 32s (- 23m 59s) (11200 56%) train loss: 0.7417, val_seen loss: 0.8784, success_rate: 0.362, val_unseen loss: 1.0382, success_rate: 0.214
30m 48s (- 23m 42s) (11300 56%) train loss: 0.7440, val_seen loss: 0.8918, success_rate: 0.335, val_unseen loss: 1.0454, success_rate: 0.210
31m 3s (- 23m 26s) (11400 56%) train loss: 0.7394, val_seen loss: 0.8715, success_rate: 0.338, val_unseen loss: 1.0433, success_rate: 0.214
31m 19s (- 23m 9s) (11500 57%) train loss: 0.7427, val_seen loss: 0.8872, success_rate: 0.351, val_unseen loss: 1.0516, success_rate: 0.206
31m 35s (- 22m 52s) (11600 57%) train loss: 0.7374, val_seen loss: 0.8852, success_rate: 0.333, val_unseen loss: 1.0554, success_rate: 0.204
31m 50s (- 22m 35s) (11700 58%) train loss: 0.7351, val_seen loss: 0.8926, success_rate: 0.331, val_unseen loss: 1.0734, success_rate: 0.198
32m 6s (- 22m 18s) (11800 59%) train loss: 0.7345, val_seen loss: 0.8996, success_rate: 0.348, val_unseen loss: 1.0690, success_rate: 0.201
32m 22s (- 22m 2s) (11900 59%) train loss: 0.7333, val_seen loss: 0.9211, success_rate: 0.346, val_unseen loss: 1.0842, success_rate: 0.210
32m 38s (- 21m 45s) (12000 60%) train loss: 0.7307, val_seen loss: 0.8728, success_rate: 0.333, val_unseen loss: 1.0547, success_rate: 0.220
32m 54s (- 21m 29s) (12100 60%) train loss: 0.7301, val_seen loss: 0.9049, success_rate: 0.374, val_unseen loss: 1.0740, success_rate: 0.218
33m 10s (- 21m 12s) (12200 61%) train loss: 0.7323, val_seen loss: 0.8783, success_rate: 0.364, val_unseen loss: 1.0668, success_rate: 0.206
33m 25s (- 20m 55s) (12300 61%) train loss: 0.7307, val_seen loss: 0.8823, success_rate: 0.333, val_unseen loss: 1.0522, success_rate: 0.207
33m 40s (- 20m 38s) (12400 62%) train loss: 0.7221, val_seen loss: 0.8859, success_rate: 0.360, val_unseen loss: 1.0702, success_rate: 0.203
33m 56s (- 20m 21s) (12500 62%) train loss: 0.7269, val_seen loss: 0.8922, success_rate: 0.359, val_unseen loss: 1.0637, success_rate: 0.211
34m 11s (- 20m 5s) (12600 63%) train loss: 0.7206, val_seen loss: 0.8807, success_rate: 0.341, val_unseen loss: 1.0681, success_rate: 0.207
34m 27s (- 19m 48s) (12700 63%) train loss: 0.7240, val_seen loss: 0.9054, success_rate: 0.347, val_unseen loss: 1.0746, success_rate: 0.197
34m 43s (- 19m 31s) (12800 64%) train loss: 0.7188, val_seen loss: 0.8840, success_rate: 0.344, val_unseen loss: 1.0705, success_rate: 0.196
34m 58s (- 19m 15s) (12900 64%) train loss: 0.7234, val_seen loss: 0.9083, success_rate: 0.353, val_unseen loss: 1.0943, success_rate: 0.201
35m 14s (- 18m 58s) (13000 65%) train loss: 0.7227, val_seen loss: 0.9031, success_rate: 0.363, val_unseen loss: 1.0741, success_rate: 0.229
35m 30s (- 18m 42s) (13100 65%) train loss: 0.7206, val_seen loss: 0.8897, success_rate: 0.345, val_unseen loss: 1.0852, success_rate: 0.219
35m 46s (- 18m 25s) (13200 66%) train loss: 0.7162, val_seen loss: 0.8957, success_rate: 0.345, val_unseen loss: 1.0761, success_rate: 0.224
36m 1s (- 18m 8s) (13300 66%) train loss: 0.7198, val_seen loss: 0.8974, success_rate: 0.360, val_unseen loss: 1.0766, success_rate: 0.212
36m 17s (- 17m 52s) (13400 67%) train loss: 0.7118, val_seen loss: 0.8940, success_rate: 0.360, val_unseen loss: 1.0779, success_rate: 0.213
36m 33s (- 17m 36s) (13500 67%) train loss: 0.7131, val_seen loss: 0.9019, success_rate: 0.364, val_unseen loss: 1.0912, success_rate: 0.206
36m 48s (- 17m 19s) (13600 68%) train loss: 0.7123, val_seen loss: 0.8884, success_rate: 0.355, val_unseen loss: 1.0847, success_rate: 0.221
37m 4s (- 17m 3s) (13700 68%) train loss: 0.7140, val_seen loss: 0.8878, success_rate: 0.375, val_unseen loss: 1.0708, success_rate: 0.215
37m 21s (- 16m 46s) (13800 69%) train loss: 0.7131, val_seen loss: 0.9042, success_rate: 0.352, val_unseen loss: 1.1001, success_rate: 0.204
37m 37s (- 16m 30s) (13900 69%) train loss: 0.7056, val_seen loss: 0.9026, success_rate: 0.360, val_unseen loss: 1.0945, success_rate: 0.213
37m 52s (- 16m 13s) (14000 70%) train loss: 0.7088, val_seen loss: 0.9128, success_rate: 0.359, val_unseen loss: 1.0907, success_rate: 0.226
38m 7s (- 15m 57s) (14100 70%) train loss: 0.7056, val_seen loss: 0.8971, success_rate: 0.352, val_unseen loss: 1.1021, success_rate: 0.218
38m 23s (- 15m 40s) (14200 71%) train loss: 0.7034, val_seen loss: 0.9007, success_rate: 0.348, val_unseen loss: 1.1033, success_rate: 0.218
38m 39s (- 15m 24s) (14300 71%) train loss: 0.6998, val_seen loss: 0.9019, success_rate: 0.370, val_unseen loss: 1.1149, success_rate: 0.221
38m 54s (- 15m 7s) (14400 72%) train loss: 0.6968, val_seen loss: 0.8841, success_rate: 0.369, val_unseen loss: 1.0882, success_rate: 0.203
39m 10s (- 14m 51s) (14500 72%) train loss: 0.6951, val_seen loss: 0.8987, success_rate: 0.359, val_unseen loss: 1.1033, success_rate: 0.223
39m 26s (- 14m 35s) (14600 73%) train loss: 0.6968, val_seen loss: 0.9056, success_rate: 0.383, val_unseen loss: 1.1056, success_rate: 0.212
39m 42s (- 14m 18s) (14700 73%) train loss: 0.6937, val_seen loss: 0.9103, success_rate: 0.370, val_unseen loss: 1.0914, success_rate: 0.209
39m 57s (- 14m 2s) (14800 74%) train loss: 0.6923, val_seen loss: 0.8901, success_rate: 0.379, val_unseen loss: 1.0933, success_rate: 0.216
40m 12s (- 13m 45s) (14900 74%) train loss: 0.6959, val_seen loss: 0.9183, success_rate: 0.373, val_unseen loss: 1.1266, success_rate: 0.212
40m 28s (- 13m 29s) (15000 75%) train loss: 0.6978, val_seen loss: 0.9134, success_rate: 0.364, val_unseen loss: 1.0967, success_rate: 0.211
40m 43s (- 13m 12s) (15100 75%) train loss: 0.6935, val_seen loss: 0.9158, success_rate: 0.375, val_unseen loss: 1.1228, success_rate: 0.215
40m 58s (- 12m 56s) (15200 76%) train loss: 0.6910, val_seen loss: 0.9059, success_rate: 0.390, val_unseen loss: 1.1257, success_rate: 0.203
41m 14s (- 12m 40s) (15300 76%) train loss: 0.6910, val_seen loss: 0.9118, success_rate: 0.365, val_unseen loss: 1.1135, success_rate: 0.210
41m 29s (- 12m 23s) (15400 77%) train loss: 0.6881, val_seen loss: 0.9091, success_rate: 0.359, val_unseen loss: 1.1299, success_rate: 0.201
41m 44s (- 12m 7s) (15500 77%) train loss: 0.6854, val_seen loss: 0.9252, success_rate: 0.353, val_unseen loss: 1.1228, success_rate: 0.207
41m 59s (- 11m 50s) (15600 78%) train loss: 0.6853, val_seen loss: 0.9210, success_rate: 0.363, val_unseen loss: 1.1581, success_rate: 0.206
42m 15s (- 11m 34s) (15700 78%) train loss: 0.6853, val_seen loss: 0.9126, success_rate: 0.371, val_unseen loss: 1.1251, success_rate: 0.206
42m 30s (- 11m 18s) (15800 79%) train loss: 0.6845, val_seen loss: 0.9394, success_rate: 0.344, val_unseen loss: 1.1315, success_rate: 0.212
42m 46s (- 11m 1s) (15900 79%) train loss: 0.6841, val_seen loss: 0.9170, success_rate: 0.375, val_unseen loss: 1.1601, success_rate: 0.212
43m 1s (- 10m 45s) (16000 80%) train loss: 0.6785, val_seen loss: 0.9164, success_rate: 0.370, val_unseen loss: 1.1321, success_rate: 0.212
43m 16s (- 10m 29s) (16100 80%) train loss: 0.6780, val_seen loss: 0.9086, success_rate: 0.366, val_unseen loss: 1.1181, success_rate: 0.213
43m 31s (- 10m 12s) (16200 81%) train loss: 0.6769, val_seen loss: 0.9019, success_rate: 0.369, val_unseen loss: 1.1226, success_rate: 0.223
43m 47s (- 9m 56s) (16300 81%) train loss: 0.6734, val_seen loss: 0.9312, success_rate: 0.375, val_unseen loss: 1.1422, success_rate: 0.220
44m 2s (- 9m 40s) (16400 82%) train loss: 0.6759, val_seen loss: 0.9149, success_rate: 0.364, val_unseen loss: 1.1353, success_rate: 0.215
44m 17s (- 9m 23s) (16500 82%) train loss: 0.6713, val_seen loss: 0.9420, success_rate: 0.357, val_unseen loss: 1.1726, success_rate: 0.212
44m 33s (- 9m 7s) (16600 83%) train loss: 0.6715, val_seen loss: 0.9218, success_rate: 0.358, val_unseen loss: 1.1430, success_rate: 0.205
44m 48s (- 8m 51s) (16700 83%) train loss: 0.6692, val_seen loss: 0.8859, success_rate: 0.369, val_unseen loss: 1.1185, success_rate: 0.214
45m 4s (- 8m 35s) (16800 84%) train loss: 0.6673, val_seen loss: 0.9337, success_rate: 0.349, val_unseen loss: 1.1485, success_rate: 0.213
45m 20s (- 8m 18s) (16900 84%) train loss: 0.6700, val_seen loss: 0.9161, success_rate: 0.385, val_unseen loss: 1.1456, success_rate: 0.224
45m 36s (- 8m 2s) (17000 85%) train loss: 0.6660, val_seen loss: 0.9237, success_rate: 0.351, val_unseen loss: 1.1484, success_rate: 0.223
45m 52s (- 7m 46s) (17100 85%) train loss: 0.6675, val_seen loss: 0.9112, success_rate: 0.368, val_unseen loss: 1.1572, success_rate: 0.235
46m 7s (- 7m 30s) (17200 86%) train loss: 0.6682, val_seen loss: 0.9315, success_rate: 0.365, val_unseen loss: 1.1471, success_rate: 0.213
46m 22s (- 7m 14s) (17300 86%) train loss: 0.6639, val_seen loss: 0.9086, success_rate: 0.375, val_unseen loss: 1.1226, success_rate: 0.224
46m 37s (- 6m 58s) (17400 87%) train loss: 0.6603, val_seen loss: 0.9144, success_rate: 0.367, val_unseen loss: 1.1385, success_rate: 0.214
46m 52s (- 6m 41s) (17500 87%) train loss: 0.6570, val_seen loss: 0.9301, success_rate: 0.378, val_unseen loss: 1.1427, success_rate: 0.225
47m 7s (- 6m 25s) (17600 88%) train loss: 0.6603, val_seen loss: 0.9274, success_rate: 0.367, val_unseen loss: 1.1451, success_rate: 0.215
47m 23s (- 6m 9s) (17700 88%) train loss: 0.6569, val_seen loss: 0.9271, success_rate: 0.362, val_unseen loss: 1.1374, success_rate: 0.215
47m 38s (- 5m 53s) (17800 89%) train loss: 0.6568, val_seen loss: 0.9245, success_rate: 0.384, val_unseen loss: 1.1628, success_rate: 0.213
47m 53s (- 5m 37s) (17900 89%) train loss: 0.6546, val_seen loss: 0.9284, success_rate: 0.368, val_unseen loss: 1.1441, success_rate: 0.219
48m 8s (- 5m 20s) (18000 90%) train loss: 0.6581, val_seen loss: 0.9519, success_rate: 0.375, val_unseen loss: 1.1731, success_rate: 0.228
48m 23s (- 5m 4s) (18100 90%) train loss: 0.6541, val_seen loss: 0.9191, success_rate: 0.359, val_unseen loss: 1.1462, success_rate: 0.218
48m 40s (- 4m 48s) (18200 91%) train loss: 0.6547, val_seen loss: 0.9372, success_rate: 0.384, val_unseen loss: 1.1377, success_rate: 0.227
48m 55s (- 4m 32s) (18300 91%) train loss: 0.6505, val_seen loss: 0.9343, success_rate: 0.381, val_unseen loss: 1.1444, success_rate: 0.214
49m 10s (- 4m 16s) (18400 92%) train loss: 0.6508, val_seen loss: 0.9180, success_rate: 0.379, val_unseen loss: 1.1560, success_rate: 0.219
49m 25s (- 4m 0s) (18500 92%) train loss: 0.6475, val_seen loss: 0.9398, success_rate: 0.378, val_unseen loss: 1.1637, success_rate: 0.220
49m 41s (- 3m 44s) (18600 93%) train loss: 0.6432, val_seen loss: 0.9183, success_rate: 0.373, val_unseen loss: 1.1574, success_rate: 0.221
49m 56s (- 3m 28s) (18700 93%) train loss: 0.6469, val_seen loss: 0.9421, success_rate: 0.352, val_unseen loss: 1.1667, success_rate: 0.213
50m 11s (- 3m 12s) (18800 94%) train loss: 0.6450, val_seen loss: 0.9505, success_rate: 0.364, val_unseen loss: 1.1766, success_rate: 0.232
50m 26s (- 2m 56s) (18900 94%) train loss: 0.6393, val_seen loss: 0.9369, success_rate: 0.378, val_unseen loss: 1.1698, success_rate: 0.204
50m 43s (- 2m 40s) (19000 95%) train loss: 0.6482, val_seen loss: 0.9342, success_rate: 0.344, val_unseen loss: 1.1699, success_rate: 0.214
50m 59s (- 2m 24s) (19100 95%) train loss: 0.6401, val_seen loss: 0.9182, success_rate: 0.365, val_unseen loss: 1.1662, success_rate: 0.222
51m 15s (- 2m 8s) (19200 96%) train loss: 0.6344, val_seen loss: 0.9487, success_rate: 0.356, val_unseen loss: 1.1918, success_rate: 0.218
51m 32s (- 1m 52s) (19300 96%) train loss: 0.6424, val_seen loss: 0.9361, success_rate: 0.388, val_unseen loss: 1.1703, success_rate: 0.222
51m 47s (- 1m 36s) (19400 97%) train loss: 0.6352, val_seen loss: 0.9302, success_rate: 0.369, val_unseen loss: 1.1688, success_rate: 0.220
52m 2s (- 1m 20s) (19500 97%) train loss: 0.6361, val_seen loss: 0.9110, success_rate: 0.372, val_unseen loss: 1.1583, success_rate: 0.208
52m 18s (- 1m 4s) (19600 98%) train loss: 0.6358, val_seen loss: 0.9475, success_rate: 0.367, val_unseen loss: 1.1841, success_rate: 0.228
52m 33s (- 0m 48s) (19700 98%) train loss: 0.6323, val_seen loss: 0.9400, success_rate: 0.365, val_unseen loss: 1.1745, success_rate: 0.215
52m 49s (- 0m 32s) (19800 99%) train loss: 0.6319, val_seen loss: 0.9220, success_rate: 0.354, val_unseen loss: 1.1867, success_rate: 0.206
53m 5s (- 0m 16s) (19900 99%) train loss: 0.6319, val_seen loss: 0.9335, success_rate: 0.375, val_unseen loss: 1.1759, success_rate: 0.203
53m 19s (- 0m 0s) (20000 100%) train loss: 0.6332, val_seen loss: 0.9265, success_rate: 0.370, val_unseen loss: 1.1646, success_rate: 0.218
